[2026-07-02T11:46:03.706865+00:00] === subcortical modal diag start mode=health ===
[2026-07-02T11:46:04.548105+00:00] Opening Modal session for verify_subcortical_checkpoint
[2026-07-02T11:46:51.190560+00:00] Health check: {"ok": false, "checkpoint": "facebook/tribev2-subcortical", "error": "'model_build_args'", "traceback": "Traceback (most recent call last):\n  File \"/root/tribe.py\", line 236, in verify_subcortical_checkpoint\n    self._ensure_subcortical_model()\n  File \"/root/tribe.py\", line 80, in _ensure_subcortical_model\n    self._subcortical_model = TribeModel.from_pretrained(\n                              ^^^^^^^^^^^^^^^^^^^^^^^^^^^\n  File \"/root/tribev2/tribev2/demo_utils.py\", line 229, in from_pretrained\n    build_args = ckpt[\"model_build_args\"]\n                 ~~~~^^^^^^^^^^^^^^^^^^^^\nKeyError: 'model_build_args'\n", "elapsed_s": 34.87}
[2026-07-02T11:46:51.221528+00:00] STOP: subcortical checkpoint health failed
[2026-07-02T11:50:03.491175+00:00] === subcortical modal diag start mode=health ===
[2026-07-02T11:50:04.307762+00:00] Opening Modal session for verify_subcortical_checkpoint
[2026-07-02T11:50:46.592228+00:00] Health check: {"ok": false, "checkpoint": "facebook/tribev2-subcortical", "error": "Error(s) in loading state_dict for FmriEncoderModel:\n\tsize mismatch for predictor.weights: copying a param with shape torch.Size([1, 2048, 8808]) from checkpoint, the shape in current model is torch.Size([1, 2048, 20484]).\n\tsize mismatch for predictor.bias: copying a param with shape torch.Size([1, 8808]) from checkpoint, the shape in current model is torch.Size([1, 20484]).", "traceback": "Traceback (most recent call last):\n  File \"/root/tribe.py\", line 265, in verify_subcortical_checkpoint\n    self._ensure_subcortical_model()\n  File \"/root/tribe.py\", line 80, in _ensure_subcortical_model\n    self._subcortical_model = load_tribev2_checkpoint_model(\n                              ^^^^^^^^^^^^^^^^^^^^^^^^^^^^^^\n  File \"/root/scout_core/subcortical/tribev2_adapter.py\", line 83, in load_tribev2_checkpoint_model\n    model.load_state_dict(state_dict, strict=True, assign=True)\n  File \"/usr/local/lib/python3.12/site-packages/torch/nn/modules/module.py\", line 2581, in load_state_dict\n    raise RuntimeError(\nRuntimeError: Error(s) in loading state_dict for FmriEncoderModel:\n\tsize mismatch for predictor.weights: copying a param with shape torch.Size([1, 2048, 8808]) from checkpoint, the shape in current model is torch.Size([1, 2048, 20484]).\n\tsize mismatch for predictor.bias: copying a param with shape torch.Size([1, 8808]) from checkpoint, the shape in current model is torch.Size([1, 20484]).\n", "elapsed_s": 32.92}
[2026-07-02T11:50:46.592228+00:00] STOP: subcortical checkpoint health failed
[2026-07-02T11:51:31.811635+00:00] === subcortical modal diag start mode=health ===
[2026-07-02T11:51:32.830929+00:00] Opening Modal session for verify_subcortical_checkpoint
[2026-07-02T11:52:13.878001+00:00] Health check: {"ok": false, "checkpoint": "facebook/tribev2-subcortical", "error": "Error(s) in loading state_dict for FmriEncoderModel:\n\tsize mismatch for predictor.weights: copying a param with shape torch.Size([1, 2048, 8808]) from checkpoint, the shape in current model is torch.Size([1, 2048, 20484]).\n\tsize mismatch for predictor.bias: copying a param with shape torch.Size([1, 8808]) from checkpoint, the shape in current model is torch.Size([1, 20484]).", "traceback": "Traceback (most recent call last):\n  File \"/root/tribe.py\", line 265, in verify_subcortical_checkpoint\n    self._ensure_subcortical_model()\n  File \"/root/tribe.py\", line 80, in _ensure_subcortical_model\n    self._subcortical_model = load_tribev2_checkpoint_model(\n                              ^^^^^^^^^^^^^^^^^^^^^^^^^^^^^^\n  File \"/root/scout_core/subcortical/tribev2_adapter.py\", line 86, in load_tribev2_checkpoint_model\n    model.load_state_dict(state_dict, strict=True, assign=True)\n  File \"/usr/local/lib/python3.12/site-packages/torch/nn/modules/module.py\", line 2581, in load_state_dict\n    raise RuntimeError(\nRuntimeError: Error(s) in loading state_dict for FmriEncoderModel:\n\tsize mismatch for predictor.weights: copying a param with shape torch.Size([1, 2048, 8808]) from checkpoint, the shape in current model is torch.Size([1, 2048, 20484]).\n\tsize mismatch for predictor.bias: copying a param with shape torch.Size([1, 8808]) from checkpoint, the shape in current model is torch.Size([1, 20484]).\n", "elapsed_s": 31.55}
[2026-07-02T11:52:13.878001+00:00] STOP: subcortical checkpoint health failed
[2026-07-02T11:52:39.799111+00:00] === subcortical modal diag start mode=health ===
[2026-07-02T11:52:40.644443+00:00] Opening Modal session for verify_subcortical_checkpoint
[2026-07-02T11:53:25.773471+00:00] Health check: {"ok": true, "checkpoint": "facebook/tribev2-subcortical", "model_class": "TribeModel", "elapsed_s": 35.46}
[2026-07-02T11:53:25.778126+00:00] === subcortical modal diag PASS ===
[2026-07-02T11:53:40.693621+00:00] === subcortical modal diag start mode=clip ===
[2026-07-02T11:53:40.693621+00:00] Starting one-clip verify stimulus_id=1
[2026-07-02T11:55:30.347203+00:00] Clip verify done: pass=True
[2026-07-02T11:55:30.351113+00:00] === subcortical modal diag PASS ===
