{"sessionId": "4a9fad", "hypothesisId": "H1", "location": "download_emotion_templates.py:download_kragel", "message": "start", "data": {"collection_id": "12383", "image_ids": {"anger": "779136", "fear": "779134", "sad": "779135", "neutral": "779137"}}, "timestamp": 1779251290026}
{"sessionId": "4a9fad", "hypothesisId": "H3", "location": "download_emotion_templates.py:_neurovault_get", "message": "http_response", "data": {"url": "https://neurovault.org/api/images/779136/?format=json", "status": 200}, "timestamp": 1779251290507}
{"sessionId": "4a9fad", "hypothesisId": "H1", "location": "download_emotion_templates.py:download_kragel", "message": "error", "data": {"name": "anger", "image_id": "779136", "error": "No module named 'nilearn'"}, "timestamp": 1779251291026}
{"sessionId": "4a9fad", "hypothesisId": "H3", "location": "download_emotion_templates.py:_neurovault_get", "message": "http_response", "data": {"url": "https://neurovault.org/api/images/779134/?format=json", "status": 200}, "timestamp": 1779251291277}
{"sessionId": "4a9fad", "hypothesisId": "H1", "location": "download_emotion_templates.py:download_kragel", "message": "error", "data": {"name": "fear", "image_id": "779134", "error": "No module named 'nilearn'"}, "timestamp": 1779251291422}
{"sessionId": "4a9fad", "hypothesisId": "H3", "location": "download_emotion_templates.py:_neurovault_get", "message": "http_response", "data": {"url": "https://neurovault.org/api/images/779135/?format=json", "status": 200}, "timestamp": 1779251291720}
{"sessionId": "4a9fad", "hypothesisId": "H1", "location": "download_emotion_templates.py:download_kragel", "message": "error", "data": {"name": "sad", "image_id": "779135", "error": "No module named 'nilearn'"}, "timestamp": 1779251291908}
{"sessionId": "4a9fad", "hypothesisId": "H3", "location": "download_emotion_templates.py:_neurovault_get", "message": "http_response", "data": {"url": "https://neurovault.org/api/images/779137/?format=json", "status": 200}, "timestamp": 1779251292062}
{"sessionId": "4a9fad", "hypothesisId": "H1", "location": "download_emotion_templates.py:download_kragel", "message": "error", "data": {"name": "neutral", "image_id": "779137", "error": "No module named 'nilearn'"}, "timestamp": 1779251292212}
{"sessionId": "4a9fad", "hypothesisId": "H3", "location": "download_emotion_templates.py:download_canlab", "message": "start", "data": {"urls": {"disgust": "https://raw.githubusercontent.com/canlab/Neuroimaging_Pattern_Masks/master/Multivariate_signature_patterns/2019_Kragel_Emotion_Schemas/PLS_betas_Disgust.nii.gz", "happy": "https://raw.githubusercontent.com/canlab/Neuroimaging_Pattern_Masks/master/Multivariate_signature_patterns/2019_Kragel_Emotion_Schemas/PLS_betas_Joy.nii.gz", "negative_affect": "https://raw.githubusercontent.com/canlab/Neuroimaging_Pattern_Masks/master/Multivariate_signature_patterns/2015_Chang_PLoSBiology_PINES/Rating_Weights_LOSO_2.nii.gz"}}, "timestamp": 1779251292213}
{"sessionId": "4a9fad", "hypothesisId": "H3", "location": "download_emotion_templates.py:download_canlab", "message": "error", "data": {"name": "disgust", "error": "No module named 'nilearn'"}, "timestamp": 1779251292307}
{"sessionId": "4a9fad", "hypothesisId": "H3", "location": "download_emotion_templates.py:download_canlab", "message": "error", "data": {"name": "happy", "error": "No module named 'nilearn'"}, "timestamp": 1779251292361}
{"sessionId": "4a9fad", "hypothesisId": "H3", "location": "download_emotion_templates.py:download_canlab", "message": "error", "data": {"name": "negative_affect", "error": "No module named 'nilearn'"}, "timestamp": 1779251292754}
{"sessionId": "4a9fad", "hypothesisId": "H1", "location": "download_emotion_templates.py:main", "message": "complete", "data": {"all_ok": false}, "timestamp": 1779251292754}
{"sessionId": "4a9fad", "hypothesisId": "H1", "location": "download_emotion_templates.py:download_kragel", "message": "start", "data": {"collection_id": "12383", "image_ids": {"anger": "779136", "fear": "779134", "sad": "779135", "neutral": "779137"}}, "timestamp": 1779251339805}
{"sessionId": "4a9fad", "hypothesisId": "H3", "location": "download_emotion_templates.py:_neurovault_get", "message": "http_response", "data": {"url": "https://neurovault.org/api/images/779136/?format=json", "status": 200}, "timestamp": 1779251340139}
{"sessionId": "4a9fad", "hypothesisId": "H1", "location": "download_emotion_templates.py:_save_template", "message": "saved", "data": {"name": "anger", "source": "neurovault:779136", "shape": [20484], "norm": 0.9999999403953552}, "timestamp": 1779251371443}
{"sessionId": "4a9fad", "hypothesisId": "H3", "location": "download_emotion_templates.py:_neurovault_get", "message": "http_response", "data": {"url": "https://neurovault.org/api/images/779134/?format=json", "status": 200}, "timestamp": 1779251371692}
{"sessionId": "4a9fad", "hypothesisId": "H1", "location": "download_emotion_templates.py:_save_template", "message": "saved", "data": {"name": "fear", "source": "neurovault:779134", "shape": [20484], "norm": 1.0}, "timestamp": 1779251371891}
{"sessionId": "4a9fad", "hypothesisId": "H3", "location": "download_emotion_templates.py:_neurovault_get", "message": "http_response", "data": {"url": "https://neurovault.org/api/images/779135/?format=json", "status": 200}, "timestamp": 1779251372095}
{"sessionId": "4a9fad", "hypothesisId": "H1", "location": "download_emotion_templates.py:_save_template", "message": "saved", "data": {"name": "sad", "source": "neurovault:779135", "shape": [20484], "norm": 1.0}, "timestamp": 1779251372488}
{"sessionId": "4a9fad", "hypothesisId": "H3", "location": "download_emotion_templates.py:_neurovault_get", "message": "http_response", "data": {"url": "https://neurovault.org/api/images/779137/?format=json", "status": 200}, "timestamp": 1779251372643}
{"sessionId": "4a9fad", "hypothesisId": "H1", "location": "download_emotion_templates.py:_save_template", "message": "saved", "data": {"name": "neutral", "source": "neurovault:779137", "shape": [20484], "norm": 1.0}, "timestamp": 1779251373056}
{"sessionId": "4a9fad", "hypothesisId": "H3", "location": "download_emotion_templates.py:download_canlab", "message": "start", "data": {"urls": {"disgust": "https://raw.githubusercontent.com/canlab/Neuroimaging_Pattern_Masks/master/Multivariate_signature_patterns/2019_Kragel_Emotion_Schemas/PLS_betas_Disgust.nii.gz", "happy": "https://raw.githubusercontent.com/canlab/Neuroimaging_Pattern_Masks/master/Multivariate_signature_patterns/2019_Kragel_Emotion_Schemas/PLS_betas_Joy.nii.gz", "negative_affect": "https://raw.githubusercontent.com/canlab/Neuroimaging_Pattern_Masks/master/Multivariate_signature_patterns/2015_Chang_PLoSBiology_PINES/Rating_Weights_LOSO_2.nii.gz"}}, "timestamp": 1779251373057}
{"sessionId": "4a9fad", "hypothesisId": "H1", "location": "download_emotion_templates.py:_save_template", "message": "saved", "data": {"name": "disgust", "source": "canlab", "shape": [20484], "norm": 1.0}, "timestamp": 1779251373175}
{"sessionId": "4a9fad", "hypothesisId": "H1", "location": "download_emotion_templates.py:_save_template", "message": "saved", "data": {"name": "happy", "source": "canlab", "shape": [20484], "norm": 0.9999999403953552}, "timestamp": 1779251373408}
{"sessionId": "4a9fad", "hypothesisId": "H1", "location": "download_emotion_templates.py:_save_template", "message": "saved", "data": {"name": "negative_affect", "source": "canlab", "shape": [20484], "norm": 0.9999999403953552}, "timestamp": 1779251373840}
{"sessionId": "4a9fad", "hypothesisId": "H1", "location": "download_emotion_templates.py:main", "message": "complete", "data": {"all_ok": true}, "timestamp": 1779251373841}
{"sessionId": "4a9fad", "hypothesisId": "H1", "location": "download_emotion_templates.py:download_kragel", "message": "start", "data": {"collection_id": "12383", "images": {"contentment": ["779132", "Contentment"], "amusement": ["779131", "Amusement"], "surprise": ["779133", "Surprise"], "fear": ["779134", "Fear"], "anger": ["779136", "Anger"], "sadness": ["779135", "Sadness"], "neutral": ["779137", "Neutral"]}}, "timestamp": 1779384095887}
{"sessionId": "4a9fad", "hypothesisId": "H1", "location": "download_emotion_templates.py:download_kragel", "message": "error", "data": {"name": "contentment", "image_id": "779132", "error": "HTTPSConnectionPool(host='neurovault.org', port=443): Max retries exceeded with url: /api/images/779132/?format=json (Caused by NameResolutionError(\"HTTPSConnection(host='neurovault.org', port=443): Failed to resolve 'neurovault.org' ([Errno 8] nodename nor servname provided, or not known)\"))"}, "timestamp": 1779384095907}
{"sessionId": "4a9fad", "hypothesisId": "H1", "location": "download_emotion_templates.py:download_kragel", "message": "error", "data": {"name": "amusement", "image_id": "779131", "error": "HTTPSConnectionPool(host='neurovault.org', port=443): Max retries exceeded with url: /api/images/779131/?format=json (Caused by NameResolutionError(\"HTTPSConnection(host='neurovault.org', port=443): Failed to resolve 'neurovault.org' ([Errno 8] nodename nor servname provided, or not known)\"))"}, "timestamp": 1779384095921}
{"sessionId": "4a9fad", "hypothesisId": "H1", "location": "download_emotion_templates.py:download_kragel", "message": "error", "data": {"name": "surprise", "image_id": "779133", "error": "HTTPSConnectionPool(host='neurovault.org', port=443): Max retries exceeded with url: /api/images/779133/?format=json (Caused by NameResolutionError(\"HTTPSConnection(host='neurovault.org', port=443): Failed to resolve 'neurovault.org' ([Errno 8] nodename nor servname provided, or not known)\"))"}, "timestamp": 1779384095935}
{"sessionId": "4a9fad", "hypothesisId": "H1", "location": "download_emotion_templates.py:download_kragel", "message": "error", "data": {"name": "sadness", "image_id": "779135", "error": "HTTPSConnectionPool(host='neurovault.org', port=443): Max retries exceeded with url: /api/images/779135/?format=json (Caused by NameResolutionError(\"HTTPSConnection(host='neurovault.org', port=443): Failed to resolve 'neurovault.org' ([Errno 8] nodename nor servname provided, or not known)\"))"}, "timestamp": 1779384095950}
{"sessionId": "4a9fad", "hypothesisId": "H1", "location": "download_emotion_templates.py:main", "message": "complete", "data": {"all_ok": false}, "timestamp": 1779384095952}
{"sessionId": "4a9fad", "hypothesisId": "H1", "location": "download_emotion_templates.py:download_kragel", "message": "start", "data": {"collection_id": "12383", "images": {"contentment": ["779132", "Contentment"], "amusement": ["779131", "Amusement"], "surprise": ["779133", "Surprise"], "fear": ["779134", "Fear"], "anger": ["779136", "Anger"], "sadness": ["779135", "Sadness"], "neutral": ["779137", "Neutral"]}}, "timestamp": 1779384270773}
{"sessionId": "4a9fad", "hypothesisId": "H3", "location": "download_emotion_templates.py:_neurovault_get", "message": "http_response", "data": {"url": "https://neurovault.org/api/images/779132/?format=json", "status": 200}, "timestamp": 1779384271081}
{"sessionId": "4a9fad", "hypothesisId": "H1", "location": "download_emotion_templates.py:_save_template", "message": "saved", "data": {"name": "contentment", "source": "neurovault:12383:779132", "shape": [20484], "norm": 0.9999998807907104}, "timestamp": 1779384276554}
{"sessionId": "4a9fad", "hypothesisId": "H3", "location": "download_emotion_templates.py:_neurovault_get", "message": "http_response", "data": {"url": "https://neurovault.org/api/images/779131/?format=json", "status": 200}, "timestamp": 1779384276892}
{"sessionId": "4a9fad", "hypothesisId": "H1", "location": "download_emotion_templates.py:_save_template", "message": "saved", "data": {"name": "amusement", "source": "neurovault:12383:779131", "shape": [20484], "norm": 0.9999999403953552}, "timestamp": 1779384277109}
{"sessionId": "4a9fad", "hypothesisId": "H3", "location": "download_emotion_templates.py:_neurovault_get", "message": "http_response", "data": {"url": "https://neurovault.org/api/images/779133/?format=json", "status": 200}, "timestamp": 1779384277352}
{"sessionId": "4a9fad", "hypothesisId": "H1", "location": "download_emotion_templates.py:_save_template", "message": "saved", "data": {"name": "surprise", "source": "neurovault:12383:779133", "shape": [20484], "norm": 0.9999999403953552}, "timestamp": 1779384277737}
{"sessionId": "4a9fad", "hypothesisId": "H3", "location": "download_emotion_templates.py:_neurovault_get", "message": "http_response", "data": {"url": "https://neurovault.org/api/images/779135/?format=json", "status": 200}, "timestamp": 1779384277937}
{"sessionId": "4a9fad", "hypothesisId": "H1", "location": "download_emotion_templates.py:_save_template", "message": "saved", "data": {"name": "sadness", "source": "neurovault:12383:779135", "shape": [20484], "norm": 1.0}, "timestamp": 1779384278302}
{"sessionId": "4a9fad", "hypothesisId": "H1", "location": "download_emotion_templates.py:main", "message": "complete", "data": {"all_ok": true}, "timestamp": 1779384278303}
{"sessionId": "4a9fad", "hypothesisId": "H1", "location": "download_emotion_templates.py:download_kragel", "message": "start", "data": {"collection_id": "12383", "images": {"contentment": ["779132", "Contentment"], "amusement": ["779131", "Amusement"], "surprise": ["779133", "Surprise"], "fear": ["779134", "Fear"], "anger": ["779136", "Anger"], "sadness": ["779135", "Sadness"], "neutral": ["779137", "Neutral"]}}, "timestamp": 1779415215488}
{"sessionId": "4a9fad", "hypothesisId": "H3", "location": "download_emotion_templates.py:_neurovault_get", "message": "http_response", "data": {"url": "https://neurovault.org/api/images/779132/?format=json", "status": 200}, "timestamp": 1779415216322}
{"sessionId": "4a9fad", "hypothesisId": "H1", "location": "download_emotion_templates.py:_save_template", "message": "saved", "data": {"name": "contentment", "source": "neurovault:12383:779132", "shape": [20484], "norm": 1.0}, "timestamp": 1779415221777}
{"sessionId": "4a9fad", "hypothesisId": "H3", "location": "download_emotion_templates.py:_neurovault_get", "message": "http_response", "data": {"url": "https://neurovault.org/api/images/779131/?format=json", "status": 200}, "timestamp": 1779415222352}
{"sessionId": "4a9fad", "hypothesisId": "H1", "location": "download_emotion_templates.py:_save_template", "message": "saved", "data": {"name": "amusement", "source": "neurovault:12383:779131", "shape": [20484], "norm": 1.0}, "timestamp": 1779415223149}
{"sessionId": "4a9fad", "hypothesisId": "H3", "location": "download_emotion_templates.py:_neurovault_get", "message": "http_response", "data": {"url": "https://neurovault.org/api/images/779133/?format=json", "status": 200}, "timestamp": 1779415223991}
{"sessionId": "4a9fad", "hypothesisId": "H1", "location": "download_emotion_templates.py:_save_template", "message": "saved", "data": {"name": "surprise", "source": "neurovault:12383:779133", "shape": [20484], "norm": 1.0}, "timestamp": 1779415224743}
{"sessionId": "4a9fad", "hypothesisId": "H3", "location": "download_emotion_templates.py:_neurovault_get", "message": "http_response", "data": {"url": "https://neurovault.org/api/images/779134/?format=json", "status": 200}, "timestamp": 1779415225238}
{"sessionId": "4a9fad", "hypothesisId": "H1", "location": "download_emotion_templates.py:_save_template", "message": "saved", "data": {"name": "fear", "source": "neurovault:12383:779134", "shape": [20484], "norm": 1.0}, "timestamp": 1779415226067}
{"sessionId": "4a9fad", "hypothesisId": "H3", "location": "download_emotion_templates.py:_neurovault_get", "message": "http_response", "data": {"url": "https://neurovault.org/api/images/779136/?format=json", "status": 200}, "timestamp": 1779415226877}
{"sessionId": "4a9fad", "hypothesisId": "H1", "location": "download_emotion_templates.py:_save_template", "message": "saved", "data": {"name": "anger", "source": "neurovault:12383:779136", "shape": [20484], "norm": 1.0}, "timestamp": 1779415228333}
{"sessionId": "4a9fad", "hypothesisId": "H3", "location": "download_emotion_templates.py:_neurovault_get", "message": "http_response", "data": {"url": "https://neurovault.org/api/images/779135/?format=json", "status": 200}, "timestamp": 1779415229428}
{"sessionId": "4a9fad", "hypothesisId": "H1", "location": "download_emotion_templates.py:_save_template", "message": "saved", "data": {"name": "sadness", "source": "neurovault:12383:779135", "shape": [20484], "norm": 1.0000001192092896}, "timestamp": 1779415230340}
{"sessionId": "4a9fad", "hypothesisId": "H3", "location": "download_emotion_templates.py:_neurovault_get", "message": "http_response", "data": {"url": "https://neurovault.org/api/images/779137/?format=json", "status": 200}, "timestamp": 1779415230951}
{"sessionId": "4a9fad", "hypothesisId": "H1", "location": "download_emotion_templates.py:_save_template", "message": "saved", "data": {"name": "neutral", "source": "neurovault:12383:779137", "shape": [20484], "norm": 0.9999999403953552}, "timestamp": 1779415231680}
{"sessionId": "4a9fad", "hypothesisId": "H1", "location": "download_emotion_templates.py:main", "message": "complete", "data": {"all_ok": true}, "timestamp": 1779415231958}
{"sessionId": "4a9fad", "hypothesisId": "H1", "location": "download_emotion_templates.py:download_kragel", "message": "start", "data": {"collection_id": "12383", "images": {"contentment": ["779132", "Contentment"], "amusement": ["779131", "Amusement"], "surprise": ["779133", "Surprise"], "fear": ["779134", "Fear"], "anger": ["779136", "Anger"], "sadness": ["779135", "Sadness"], "neutral": ["779137", "Neutral"]}}, "timestamp": 1780022395611}
{"sessionId": "4a9fad", "hypothesisId": "H3", "location": "download_emotion_templates.py:_neurovault_get", "message": "http_response", "data": {"url": "https://neurovault.org/api/images/779132/?format=json", "status": 200}, "timestamp": 1780022396285}
{"sessionId": "4a9fad", "hypothesisId": "H1", "location": "download_emotion_templates.py:_save_template", "message": "saved", "data": {"name": "contentment", "source": "neurovault:12383:779132", "shape": [20484], "norm": 0.9999999403953552}, "timestamp": 1780022400595}
{"sessionId": "4a9fad", "hypothesisId": "H3", "location": "download_emotion_templates.py:_neurovault_get", "message": "http_response", "data": {"url": "https://neurovault.org/api/images/779131/?format=json", "status": 200}, "timestamp": 1780022401177}
{"sessionId": "4a9fad", "hypothesisId": "H1", "location": "download_emotion_templates.py:_save_template", "message": "saved", "data": {"name": "amusement", "source": "neurovault:12383:779131", "shape": [20484], "norm": 0.9999999403953552}, "timestamp": 1780022401946}
{"sessionId": "4a9fad", "hypothesisId": "H3", "location": "download_emotion_templates.py:_neurovault_get", "message": "http_response", "data": {"url": "https://neurovault.org/api/images/779133/?format=json", "status": 200}, "timestamp": 1780022402439}
{"sessionId": "4a9fad", "hypothesisId": "H1", "location": "download_emotion_templates.py:_save_template", "message": "saved", "data": {"name": "surprise", "source": "neurovault:12383:779133", "shape": [20484], "norm": 0.9999999403953552}, "timestamp": 1780022403199}
{"sessionId": "4a9fad", "hypothesisId": "H3", "location": "download_emotion_templates.py:_neurovault_get", "message": "http_response", "data": {"url": "https://neurovault.org/api/images/779134/?format=json", "status": 200}, "timestamp": 1780022403690}
{"sessionId": "4a9fad", "hypothesisId": "H1", "location": "download_emotion_templates.py:_save_template", "message": "saved", "data": {"name": "fear", "source": "neurovault:12383:779134", "shape": [20484], "norm": 0.9999999403953552}, "timestamp": 1780022404466}
{"sessionId": "4a9fad", "hypothesisId": "H3", "location": "download_emotion_templates.py:_neurovault_get", "message": "http_response", "data": {"url": "https://neurovault.org/api/images/779136/?format=json", "status": 200}, "timestamp": 1780022405023}
{"sessionId": "4a9fad", "hypothesisId": "H1", "location": "download_emotion_templates.py:_save_template", "message": "saved", "data": {"name": "anger", "source": "neurovault:12383:779136", "shape": [20484], "norm": 0.9999999403953552}, "timestamp": 1780022405783}
{"sessionId": "4a9fad", "hypothesisId": "H3", "location": "download_emotion_templates.py:_neurovault_get", "message": "http_response", "data": {"url": "https://neurovault.org/api/images/779135/?format=json", "status": 200}, "timestamp": 1780022406346}
{"sessionId": "4a9fad", "hypothesisId": "H1", "location": "download_emotion_templates.py:_save_template", "message": "saved", "data": {"name": "sadness", "source": "neurovault:12383:779135", "shape": [20484], "norm": 1.0}, "timestamp": 1780022407141}
{"sessionId": "4a9fad", "hypothesisId": "H3", "location": "download_emotion_templates.py:_neurovault_get", "message": "http_response", "data": {"url": "https://neurovault.org/api/images/779137/?format=json", "status": 200}, "timestamp": 1780022407631}
{"sessionId": "4a9fad", "hypothesisId": "H1", "location": "download_emotion_templates.py:_save_template", "message": "saved", "data": {"name": "neutral", "source": "neurovault:12383:779137", "shape": [20484], "norm": 1.0}, "timestamp": 1780022408381}
{"sessionId": "4a9fad", "hypothesisId": "H1", "location": "download_emotion_templates.py:main", "message": "complete", "data": {"all_ok": true}, "timestamp": 1780022408446}
